stm32wbxx_ll_system.h:2221:26:LL_FLASH_GetUDN	4	static
stm32wbxx_ll_system.h:2233:26:LL_FLASH_GetDeviceID	4	static
stm32wbxx_ll_system.h:2245:26:LL_FLASH_GetSTCompanyID	4	static
app_ble.c:404:6:APP_BLE_Init_Dyn_1	64	static
app_ble.c:537:6:APP_BLE_Init_Dyn_2	8	static
app_ble.c:561:28:SVCCTL_App_Notification	40	static
app_ble.c:711:22:APP_BLE_Get_Server_Connection_Status	4	static
app_ble.c:717:6:APP_BLE_Key_Button1_Action	8	static
app_ble.c:722:6:APP_BLE_Key_Button2_Action	8	static
app_ble.c:734:6:APP_BLE_Key_Button3_Action	4	static
app_ble.c:738:6:APP_BLE_Stop	8	static
app_ble.c:756:13:Ble_Tl_Init	16	static
app_ble.c:767:14:Ble_Hci_Gap_Gatt_Init	88	static
app_ble.c:909:13:Adv_Request	56	static
app_ble.c:995:16:BleGetBdAddress	32	static
app_ble.c:1037:13:Add_Advertisment_Service_UUID	16	static
app_ble.c:1049:13:Adv_Mgr	8	static
app_ble.c:1061:13:AdvUpdateProcess	16	static
app_ble.c:1072:13:Adv_Update	8	static
app_ble.c:1079:13:HciUserEvtProcess	16	static
app_ble.c:1097:13:Adv_Cancel	16	static
app_ble.c:1143:13:Switch_OFF_GPIO	4	static
app_ble.c:1150:6:BLE_SVC_L2CAP_Conn_Update	48	static
app_ble.c:1191:6:hci_notify_asynch_evt	16	static
app_ble.c:1197:6:hci_cmd_resp_release	16	static
app_ble.c:1203:6:hci_cmd_resp_wait	16	static
app_ble.c:1209:13:BLE_UserEvtRx	24	static
app_ble.c:1227:13:BLE_StatusNot	24	static
app_ble.c:1258:6:SVCCTL_ResumeUserEventFlow	8	static
