stm32wbxx_ll_system.h:2221:26:LL_FLASH_GetUDN	4	static
stm32wbxx_ll_system.h:2233:26:LL_FLASH_GetDeviceID	4	static
stm32wbxx_ll_system.h:2245:26:LL_FLASH_GetSTCompanyID	4	static
app_ble.c:345:6:APP_BLE_Init_Dyn_1	64	static
app_ble.c:531:6:APP_BLE_Init_Dyn_2	8	static
app_ble.c:556:28:SVCCTL_App_Notification	88	static
app_ble.c:887:22:APP_BLE_Get_Server_Connection_Status	4	static
app_ble.c:893:6:APP_BLE_Key_Button1_Action	8	static
app_ble.c:898:6:APP_BLE_Key_Button2_Action	8	static
app_ble.c:910:6:APP_BLE_Key_Button3_Action	4	static
app_ble.c:914:6:APP_BLE_Stop	8	static
app_ble.c:932:13:Ble_Tl_Init	16	static
app_ble.c:943:13:Ble_Hci_Gap_Gatt_Init	80	static
app_ble.c:1102:13:Adv_Request	56	static
app_ble.c:1197:16:BleGetBdAddress	32	static
app_ble.c:1239:9:APP_BLE_ComputeCRC8	24	static
app_ble.c:1263:13:Add_Advertisment_Service_UUID	16	static
app_ble.c:1275:13:Adv_Mgr	4	static
app_ble.c:1287:13:AdvUpdateProcess	16	static
app_ble.c:1333:13:Adv_Update	8	static
app_ble.c:1340:13:HciUserEvtProcess	16	static
app_ble.c:1387:6:DataThroughput_proc	8	static
app_ble.c:1395:6:LinkConfiguration	24	static
app_ble.c:1453:6:BLE_SVC_GAP_Change_PHY	24	static
app_ble.c:1497:13:Adv_Cancel	24	static
app_ble.c:1549:13:Switch_OFF_GPIO	4	static
app_ble.c:1556:6:BLE_SVC_L2CAP_Conn_Update	48	static
app_ble.c:1597:6:hci_notify_asynch_evt	16	static
app_ble.c:1604:6:hci_cmd_resp_release	16	static
app_ble.c:1611:6:hci_cmd_resp_wait	16	static
app_ble.c:1618:13:BLE_UserEvtRx	24	static
app_ble.c:1636:13:BLE_StatusNot	16	static
app_ble.c:1654:6:SVCCTL_ResumeUserEventFlow	8	static
app_ble.c:1661:6:SVCCTL_InitCustomSvc	8	static
