stm32wbxx_ll_system.h:2221:26:LL_FLASH_GetUDN	4	static
stm32wbxx_ll_system.h:2233:26:LL_FLASH_GetDeviceID	4	static
stm32wbxx_ll_system.h:2245:26:LL_FLASH_GetSTCompanyID	4	static
app_ble.c:345:6:APP_BLE_Init_Dyn_1	64	static
app_ble.c:531:6:APP_BLE_Init_Dyn_2	8	static
app_ble.c:556:28:SVCCTL_App_Notification	88	static
app_ble.c:890:22:APP_BLE_Get_Server_Connection_Status	4	static
app_ble.c:896:6:APP_BLE_Key_Button1_Action	8	static
app_ble.c:901:6:APP_BLE_Key_Button2_Action	8	static
app_ble.c:913:6:APP_BLE_Key_Button3_Action	4	static
app_ble.c:917:6:APP_BLE_Stop	8	static
app_ble.c:935:13:Ble_Tl_Init	16	static
app_ble.c:946:13:Ble_Hci_Gap_Gatt_Init	80	static
app_ble.c:1105:13:Adv_Request	56	static
app_ble.c:1200:16:BleGetBdAddress	32	static
app_ble.c:1242:9:APP_BLE_ComputeCRC8	24	static
app_ble.c:1266:13:Add_Advertisment_Service_UUID	16	static
app_ble.c:1278:13:Adv_Mgr	4	static
app_ble.c:1290:13:AdvUpdateProcess	16	static
app_ble.c:1336:13:Adv_Update	8	static
app_ble.c:1343:13:HciUserEvtProcess	16	static
app_ble.c:1390:6:DataThroughput_proc	8	static
app_ble.c:1398:6:LinkConfiguration	24	static
app_ble.c:1456:6:BLE_SVC_GAP_Change_PHY	24	static
app_ble.c:1500:13:Adv_Cancel	24	static
app_ble.c:1552:13:Switch_OFF_GPIO	4	static
app_ble.c:1559:6:BLE_SVC_L2CAP_Conn_Update	48	static
app_ble.c:1600:6:hci_notify_asynch_evt	16	static
app_ble.c:1607:6:hci_cmd_resp_release	16	static
app_ble.c:1614:6:hci_cmd_resp_wait	16	static
app_ble.c:1621:13:BLE_UserEvtRx	24	static
app_ble.c:1639:13:BLE_StatusNot	16	static
app_ble.c:1657:6:SVCCTL_ResumeUserEventFlow	8	static
app_ble.c:1664:6:SVCCTL_InitCustomSvc	8	static
app_ble.c:1669:6:BLE_SVC_L2CAP_Conn_Update_7_5	40	static
