stm32wbxx_ll_system.h:2221:26:LL_FLASH_GetUDN	4	static
stm32wbxx_ll_system.h:2233:26:LL_FLASH_GetDeviceID	4	static
stm32wbxx_ll_system.h:2245:26:LL_FLASH_GetSTCompanyID	4	static
app_ble.c:333:6:APP_BLE_Init_Dyn_1	64	static
app_ble.c:509:6:APP_BLE_Init_Dyn_2	8	static
app_ble.c:533:28:SVCCTL_App_Notification	88	static
app_ble.c:833:22:APP_BLE_Get_Server_Connection_Status	4	static
app_ble.c:839:6:APP_BLE_Key_Button1_Action	8	static
app_ble.c:844:6:APP_BLE_Key_Button2_Action	8	static
app_ble.c:856:6:APP_BLE_Key_Button3_Action	4	static
app_ble.c:860:6:APP_BLE_Stop	8	static
app_ble.c:878:13:Ble_Tl_Init	16	static
app_ble.c:889:14:Ble_Hci_Gap_Gatt_Init	88	static
app_ble.c:1048:13:Adv_Request	56	static
app_ble.c:1143:16:BleGetBdAddress	32	static
app_ble.c:1185:9:APP_BLE_ComputeCRC8	24	static
app_ble.c:1209:13:Add_Advertisment_Service_UUID	16	static
app_ble.c:1221:13:Adv_Mgr	8	static
app_ble.c:1233:13:AdvUpdateProcess	16	static
app_ble.c:1244:6:Adv_Request_TP	48	static
app_ble.c:1279:13:Adv_Update	8	static
app_ble.c:1286:13:HciUserEvtProcess	16	static
app_ble.c:1333:13:DataThroughput_proc	8	static
app_ble.c:1341:6:LinkConfiguration	24	static
app_ble.c:1393:6:BLE_SVC_GAP_Change_PHY	24	static
app_ble.c:1437:13:Adv_Cancel	16	static
app_ble.c:1483:13:Switch_OFF_GPIO	4	static
app_ble.c:1490:6:BLE_SVC_L2CAP_Conn_Update	48	static
app_ble.c:1531:6:hci_notify_asynch_evt	16	static
app_ble.c:1538:6:hci_cmd_resp_release	16	static
app_ble.c:1545:6:hci_cmd_resp_wait	16	static
app_ble.c:1552:13:BLE_UserEvtRx	24	static
app_ble.c:1570:13:BLE_StatusNot	16	static
app_ble.c:1588:6:SVCCTL_ResumeUserEventFlow	8	static
app_ble.c:1595:6:SVCCTL_InitCustomSvc	8	static
