app_thread.c:187:6:APP_THREAD_Init	16	static
app_thread.c:247:6:APP_THREAD_Error	16	static
app_thread.c:298:13:APP_THREAD_DeviceConfig	16	static
app_thread.c:346:13:APP_THREAD_StateNotif	16	static
app_thread.c:401:13:APP_THREAD_TraceError	16	static
app_thread.c:414:13:APP_THREAD_CheckWirelessFirmwareInfo	40	static
app_thread.c:455:13:APP_THREAD_FreeRTOSProcessMsgM0ToM4Task	16	static
app_thread.c:472:13:APP_THREAD_FreeRTOSSendCLIToM0Task	16	static
app_thread.c:499:6:APP_THREAD_Init_Dyn_1	16	static
app_thread.c:545:6:APP_THREAD_Init_Dyn_2	8	static
app_thread.c:557:6:APP_THREAD_Stop	16	static
app_thread.c:568:6:APP_THREAD_CleanCallbacks	8	static
app_thread.c:586:6:APP_THREAD_RegisterCmdBuffer	16	static
app_thread.c:591:26:THREAD_Get_OTCmdPayloadBuffer	4	static
app_thread.c:596:26:THREAD_Get_OTCmdRspPayloadBuffer	4	static
app_thread.c:601:26:THREAD_Get_NotificationPayloadBuffer	4	static
app_thread.c:613:6:Ot_Cmd_Transfer	16	static
app_thread.c:634:6:TL_OT_CmdEvtReceived	16	static
app_thread.c:648:6:TL_THREAD_NotReceived	16	static
app_thread.c:663:6:Pre_OtCmdProcessing	4	static
app_thread.c:674:13:Wait_Getting_Ack_From_M0	4	static
app_thread.c:689:13:Receive_Ack_From_M0	4	static
app_thread.c:700:13:Receive_Notification_From_M0	8	static
app_thread.c:709:13:RxCpltCallback	8	static
app_thread.c:776:13:Send_CLI_To_M0	8	static
app_thread.c:797:13:Send_CLI_Ack_For_OT	8	static
app_thread.c:809:6:APP_THREAD_Init_UART_CLI	8	static
app_thread.c:829:6:APP_THREAD_TL_THREAD_INIT	8	static
app_thread.c:844:6:TL_THREAD_CliNotReceived	24	static
app_thread.c:871:6:HostTxCb	8	static
app_thread.c:881:6:APP_THREAD_ProcessMsgM0ToM4	8	static
