stm32wbxx_ll_system.h:2221:26:LL_FLASH_GetUDN	4	static
stm32wbxx_ll_system.h:2233:26:LL_FLASH_GetDeviceID	4	static
stm32wbxx_ll_system.h:2245:26:LL_FLASH_GetSTCompanyID	4	static
app_ble.c:333:6:APP_BLE_Init_Dyn_1	64	static
app_ble.c:509:6:APP_BLE_Init_Dyn_2	8	static
app_ble.c:533:28:SVCCTL_App_Notification	88	static
app_ble.c:838:22:APP_BLE_Get_Server_Connection_Status	4	static
app_ble.c:844:6:APP_BLE_Key_Button1_Action	8	static
app_ble.c:849:6:APP_BLE_Key_Button2_Action	8	static
app_ble.c:861:6:APP_BLE_Key_Button3_Action	4	static
app_ble.c:865:6:APP_BLE_Stop	8	static
app_ble.c:883:13:Ble_Tl_Init	16	static
app_ble.c:894:14:Ble_Hci_Gap_Gatt_Init	88	static
app_ble.c:1053:13:Adv_Request	56	static
app_ble.c:1148:16:BleGetBdAddress	32	static
app_ble.c:1190:9:APP_BLE_ComputeCRC8	24	static
app_ble.c:1214:13:Add_Advertisment_Service_UUID	16	static
app_ble.c:1226:13:Adv_Mgr	8	static
app_ble.c:1238:13:AdvUpdateProcess	16	static
app_ble.c:1249:6:Adv_Request_TP	48	static
app_ble.c:1284:13:Adv_Update	8	static
app_ble.c:1291:13:HciUserEvtProcess	16	static
app_ble.c:1338:6:DataThroughput_proc	8	static
app_ble.c:1346:6:LinkConfiguration	24	static
app_ble.c:1398:6:BLE_SVC_GAP_Change_PHY	24	static
app_ble.c:1442:13:Adv_Cancel	16	static
app_ble.c:1488:13:Switch_OFF_GPIO	4	static
app_ble.c:1495:6:BLE_SVC_L2CAP_Conn_Update	48	static
app_ble.c:1536:6:hci_notify_asynch_evt	16	static
app_ble.c:1543:6:hci_cmd_resp_release	16	static
app_ble.c:1550:6:hci_cmd_resp_wait	16	static
app_ble.c:1557:13:BLE_UserEvtRx	24	static
app_ble.c:1575:13:BLE_StatusNot	16	static
app_ble.c:1593:6:SVCCTL_ResumeUserEventFlow	8	static
app_ble.c:1600:6:SVCCTL_InitCustomSvc	8	static
