stm32wbxx_ll_system.h:2221:26:LL_FLASH_GetUDN	4	static
stm32wbxx_ll_system.h:2233:26:LL_FLASH_GetDeviceID	4	static
stm32wbxx_ll_system.h:2245:26:LL_FLASH_GetSTCompanyID	4	static
app_ble.c:445:6:APP_BLE_Init_Dyn_1	64	static
app_ble.c:625:6:APP_BLE_Init_Dyn_2	8	static
app_ble.c:649:28:SVCCTL_App_Notification	88	static
app_ble.c:949:22:APP_BLE_Get_Server_Connection_Status	4	static
app_ble.c:955:6:APP_BLE_Key_Button1_Action	8	static
app_ble.c:960:6:APP_BLE_Key_Button2_Action	8	static
app_ble.c:972:6:APP_BLE_Key_Button3_Action	4	static
app_ble.c:976:6:APP_BLE_Stop	8	static
app_ble.c:994:13:Ble_Tl_Init	16	static
app_ble.c:1005:14:Ble_Hci_Gap_Gatt_Init	88	static
app_ble.c:1147:13:Adv_Request	56	static
app_ble.c:1233:16:BleGetBdAddress	32	static
app_ble.c:1275:9:APP_BLE_ComputeCRC8	24	static
app_ble.c:1299:13:Add_Advertisment_Service_UUID	16	static
app_ble.c:1311:13:Adv_Mgr	8	static
app_ble.c:1323:13:AdvUpdateProcess	16	static
app_ble.c:1334:13:Adv_Update	8	static
app_ble.c:1341:13:HciUserEvtProcess	16	static
app_ble.c:1388:13:DataThroughput_proc	8	static
app_ble.c:1396:13:LinkConfiguration	24	static
app_ble.c:1447:6:BLE_SVC_GAP_Change_PHY	24	static
app_ble.c:1491:13:Adv_Cancel	16	static
app_ble.c:1537:13:Switch_OFF_GPIO	4	static
app_ble.c:1544:6:BLE_SVC_L2CAP_Conn_Update	48	static
app_ble.c:1585:6:hci_notify_asynch_evt	16	static
app_ble.c:1592:6:hci_cmd_resp_release	16	static
app_ble.c:1599:6:hci_cmd_resp_wait	16	static
app_ble.c:1606:13:BLE_UserEvtRx	24	static
app_ble.c:1624:13:BLE_StatusNot	16	static
app_ble.c:1642:6:SVCCTL_ResumeUserEventFlow	8	static
