stm32wbxx_ll_system.h:2221:26:LL_FLASH_GetUDN	4	static
stm32wbxx_ll_system.h:2233:26:LL_FLASH_GetDeviceID	4	static
stm32wbxx_ll_system.h:2245:26:LL_FLASH_GetSTCompanyID	4	static
app_ble.c:319:6:APP_BLE_Init_Dyn_1	64	static
app_ble.c:504:6:APP_BLE_Init_Dyn_2	8	static
app_ble.c:528:28:SVCCTL_App_Notification	88	static
app_ble.c:828:22:APP_BLE_Get_Server_Connection_Status	4	static
app_ble.c:834:6:APP_BLE_Key_Button1_Action	8	static
app_ble.c:839:6:APP_BLE_Key_Button2_Action	8	static
app_ble.c:851:6:APP_BLE_Key_Button3_Action	4	static
app_ble.c:855:6:APP_BLE_Stop	8	static
app_ble.c:873:13:Ble_Tl_Init	16	static
app_ble.c:884:14:Ble_Hci_Gap_Gatt_Init	88	static
app_ble.c:1026:13:Adv_Request	56	static
app_ble.c:1121:16:BleGetBdAddress	32	static
app_ble.c:1163:9:APP_BLE_ComputeCRC8	24	static
app_ble.c:1187:13:Add_Advertisment_Service_UUID	16	static
app_ble.c:1199:13:Adv_Mgr	8	static
app_ble.c:1211:13:AdvUpdateProcess	16	static
app_ble.c:1222:6:Adv_Request_TP	48	static
app_ble.c:1257:13:Adv_Update	8	static
app_ble.c:1264:13:HciUserEvtProcess	16	static
app_ble.c:1311:13:DataThroughput_proc	8	static
app_ble.c:1319:13:LinkConfiguration	24	static
app_ble.c:1371:6:BLE_SVC_GAP_Change_PHY	24	static
app_ble.c:1415:13:Adv_Cancel	16	static
app_ble.c:1461:13:Switch_OFF_GPIO	4	static
app_ble.c:1468:6:BLE_SVC_L2CAP_Conn_Update	48	static
app_ble.c:1509:6:hci_notify_asynch_evt	16	static
app_ble.c:1516:6:hci_cmd_resp_release	16	static
app_ble.c:1523:6:hci_cmd_resp_wait	16	static
app_ble.c:1530:13:BLE_UserEvtRx	24	static
app_ble.c:1548:13:BLE_StatusNot	16	static
app_ble.c:1566:6:SVCCTL_ResumeUserEventFlow	8	static
app_ble.c:1573:6:SVCCTL_InitCustomSvc	8	static
