stm32wbxx_ll_system.h:2221:26:LL_FLASH_GetUDN	4	static
stm32wbxx_ll_system.h:2233:26:LL_FLASH_GetDeviceID	4	static
stm32wbxx_ll_system.h:2245:26:LL_FLASH_GetSTCompanyID	4	static
app_ble.c:332:6:APP_BLE_Init_Dyn_1	64	static
app_ble.c:516:6:APP_BLE_Init_Dyn_2	8	static
app_ble.c:540:28:SVCCTL_App_Notification	80	static
app_ble.c:857:22:APP_BLE_Get_Server_Connection_Status	4	static
app_ble.c:863:6:APP_BLE_Key_Button1_Action	8	static
app_ble.c:868:6:APP_BLE_Key_Button2_Action	8	static
app_ble.c:880:6:APP_BLE_Key_Button3_Action	4	static
app_ble.c:884:6:APP_BLE_Stop	8	static
app_ble.c:902:13:Ble_Tl_Init	16	static
app_ble.c:913:14:Ble_Hci_Gap_Gatt_Init	88	static
app_ble.c:1072:13:Adv_Request	56	static
app_ble.c:1167:16:BleGetBdAddress	32	static
app_ble.c:1209:9:APP_BLE_ComputeCRC8	24	static
app_ble.c:1233:13:Add_Advertisment_Service_UUID	16	static
app_ble.c:1245:13:Adv_Mgr	8	static
app_ble.c:1257:13:AdvUpdateProcess	16	static
app_ble.c:1268:6:Adv_Request_TP	48	static
app_ble.c:1303:13:Adv_Update	8	static
app_ble.c:1310:13:HciUserEvtProcess	16	static
app_ble.c:1357:6:DataThroughput_proc	8	static
app_ble.c:1365:6:LinkConfiguration	24	static
app_ble.c:1419:6:BLE_SVC_GAP_Change_PHY	24	static
app_ble.c:1463:13:Adv_Cancel	16	static
app_ble.c:1509:13:Switch_OFF_GPIO	4	static
app_ble.c:1516:6:BLE_SVC_L2CAP_Conn_Update	48	static
app_ble.c:1557:6:hci_notify_asynch_evt	16	static
app_ble.c:1564:6:hci_cmd_resp_release	16	static
app_ble.c:1571:6:hci_cmd_resp_wait	16	static
app_ble.c:1578:13:BLE_UserEvtRx	24	static
app_ble.c:1596:13:BLE_StatusNot	16	static
app_ble.c:1614:6:SVCCTL_ResumeUserEventFlow	8	static
app_ble.c:1621:6:SVCCTL_InitCustomSvc	8	static
