dt_server_app.c:146:6:DTS_App_Init	16	static
dt_server_app.c:176:6:DTS_App_KeyButtonAction	8	static
dt_server_app.c:182:6:DTS_App_KeyButton2Action	8	static
dt_server_app.c:188:6:DTS_App_KeyButton3Action	8	static
dt_server_app.c:194:6:DTS_App_TxPoolAvailableNotification	8	static
dt_server_app.c:208:6:DTS_Notification	16	static
dt_server_app.c:265:6:SendData	24	static
dt_server_app.c:304:6:Resume_Notification	4	static
dt_server_app.c:308:6:ButtonTriggerReceived	16	static
dt_server_app.c:330:6:DT_App_Button2_Trigger_Received	16	static
dt_server_app.c:342:13:Appli_UpdateButtonState	24	static
dt_server_app.c:365:6:DT_App_Button3_Trigger_Received	16	static
dt_server_app.c:375:6:BLE_App_Delay_DataThroughput	40	static
