dt_server_app.c:143:6:DTS_App_Init	16	static
dt_server_app.c:173:6:DTS_App_KeyButtonAction	8	static
dt_server_app.c:179:6:DTS_App_KeyButton2Action	8	static
dt_server_app.c:185:6:DTS_App_KeyButton3Action	8	static
dt_server_app.c:191:6:DTS_App_TxPoolAvailableNotification	8	static
dt_server_app.c:205:6:DTS_Notification	16	static
dt_server_app.c:260:6:SendData	24	static
dt_server_app.c:299:6:Resume_Notification	4	static
dt_server_app.c:303:6:ButtonTriggerReceived	16	static
dt_server_app.c:325:6:DT_App_Button2_Trigger_Received	16	static
dt_server_app.c:337:13:Appli_UpdateButtonState	24	static
dt_server_app.c:360:6:DT_App_Button3_Trigger_Received	16	static
dt_server_app.c:370:6:BLE_App_Delay_DataThroughput	40	static
