stm32wbxx_ll_pwr.h:1664:22:LL_C2_PWR_SetPowerMode	16	static
stm32wbxx_ll_exti.h:382:22:LL_EXTI_EnableIT_32_63	16	static
stm32wbxx_ll_exti.h:408:22:LL_C2_EXTI_EnableIT_32_63	16	static
stm32wbxx_ll_rcc.h:2329:22:LL_RCC_SetClkAfterWakeFromStop	16	static
app_entry.c:116:6:APPE_Init	8	static
app_entry.c:151:13:displayConcurrentMode	8	static
app_entry.c:162:13:Init_Debug	8	static
app_entry.c:212:13:SystemPower_Config	8	static
app_entry.c:234:13:appe_Tl_Init	40	static
app_entry.c:264:13:APPE_SysStatusNot	16	static
app_entry.c:291:13:APPE_SysUserEvtRx	24	static
app_entry.c:316:13:APPE_SysEvtError	16	static
app_entry.c:343:13:APPE_SysEvtReadyProcessing	8	static
app_entry.c:380:13:ShciUserEvtProcess	16	static
app_entry.c:406:6:shci_notify_asynch_evt	16	static
app_entry.c:413:6:shci_cmd_resp_release	16	static
app_entry.c:420:6:shci_cmd_resp_wait	16	static
app_entry.c:428:6:TL_TRACES_EvtReceived	16	static
app_entry.c:445:6:DbgOutputInit	8	static
app_entry.c:460:6:DbgOutputTraces	24	static
