stm32wbxx_it.c:75:6:NMI_Handler	4	static
stm32wbxx_it.c:90:6:HardFault_Handler	4	static
stm32wbxx_it.c:105:6:MemManage_Handler	4	static
stm32wbxx_it.c:120:6:BusFault_Handler	4	static
stm32wbxx_it.c:135:6:UsageFault_Handler	4	static
stm32wbxx_it.c:150:6:DebugMon_Handler	4	static
stm32wbxx_it.c:170:6:DMA1_Channel4_IRQHandler	8	static
stm32wbxx_it.c:184:6:TIM1_TRG_COM_TIM17_IRQHandler	8	static
stm32wbxx_it.c:198:6:USART1_IRQHandler	8	static
stm32wbxx_it.c:212:6:LPUART1_IRQHandler	8	static
stm32wbxx_it.c:226:6:HSEM_IRQHandler	8	static
stm32wbxx_it.c:240:6:DMA2_Channel4_IRQHandler	8	static
stm32wbxx_it.c:252:6:RTC_WKUP_IRQHandler	8	static
stm32wbxx_it.c:256:6:IPCC_C1_TX_IRQHandler	8	static
stm32wbxx_it.c:261:6:IPCC_C1_RX_IRQHandler	8	static
