ble_events.c:160:13:hci_disconnection_complete_event	16	static
ble_events.c:167:13:hci_disconnection_complete_event_process	24	static
ble_events.c:176:13:hci_encryption_change_event	16	static
ble_events.c:183:13:hci_encryption_change_event_process	24	static
ble_events.c:192:13:hci_read_remote_version_information_complete_event	16	static
ble_events.c:201:13:hci_read_remote_version_information_complete_event_process	40	static
ble_events.c:212:13:hci_hardware_error_event	16	static
ble_events.c:217:13:hci_hardware_error_event_process	24	static
ble_events.c:224:13:hci_number_of_completed_packets_event	16	static
ble_events.c:230:13:hci_number_of_completed_packets_event_process	24	static
ble_events.c:238:13:hci_encryption_key_refresh_complete_event	16	static
ble_events.c:244:13:hci_encryption_key_refresh_complete_event_process	24	static
ble_events.c:252:13:hci_le_connection_complete_event	16	static
ble_events.c:265:13:hci_le_connection_complete_event_process	64	static
ble_events.c:280:13:hci_le_advertising_report_event	16	static
ble_events.c:286:13:hci_le_advertising_report_event_process	40	static
ble_events.c:303:13:hci_le_connection_update_complete_event	16	static
ble_events.c:312:13:hci_le_connection_update_complete_event_process	40	static
ble_events.c:323:13:hci_le_read_remote_features_complete_event	16	static
ble_events.c:330:13:hci_le_read_remote_features_complete_event_process	24	static
ble_events.c:339:13:hci_le_long_term_key_request_event	16	static
ble_events.c:346:13:hci_le_long_term_key_request_event_process	24	static
ble_events.c:355:13:hci_le_data_length_change_event	16	static
ble_events.c:364:13:hci_le_data_length_change_event_process	40	static
ble_events.c:375:13:hci_le_read_local_p256_public_key_complete_event	16	static
ble_events.c:381:13:hci_le_read_local_p256_public_key_complete_event_process	24	static
ble_events.c:389:13:hci_le_generate_dhkey_complete_event	16	static
ble_events.c:395:13:hci_le_generate_dhkey_complete_event_process	24	static
ble_events.c:403:13:hci_le_enhanced_connection_complete_event	16	static
ble_events.c:418:13:hci_le_enhanced_connection_complete_event_process	80	static
ble_events.c:435:13:hci_le_direct_advertising_report_event	16	static
ble_events.c:441:13:hci_le_direct_advertising_report_event_process	24	static
ble_events.c:449:13:hci_le_phy_update_complete_event	16	static
ble_events.c:457:13:hci_le_phy_update_complete_event_process	24	static
ble_events.c:467:13:aci_hal_end_of_radio_activity_event	16	static
ble_events.c:474:13:aci_hal_end_of_radio_activity_event_process	24	static
ble_events.c:483:13:aci_hal_scan_req_report_event	16	static
ble_events.c:490:13:aci_hal_scan_req_report_event_process	24	static
ble_events.c:499:13:aci_hal_fw_error_event	16	static
ble_events.c:506:13:aci_hal_fw_error_event_process	24	static
ble_events.c:515:13:aci_gap_limited_discoverable_event	4	static
ble_events.c:520:13:aci_gap_limited_discoverable_event_process	16	static
ble_events.c:526:13:aci_gap_pairing_complete_event	16	static
ble_events.c:533:13:aci_gap_pairing_complete_event_process	24	static
ble_events.c:542:13:aci_gap_pass_key_req_event	16	static
ble_events.c:547:13:aci_gap_pass_key_req_event_process	24	static
ble_events.c:554:13:aci_gap_authorization_req_event	16	static
ble_events.c:559:13:aci_gap_authorization_req_event_process	24	static
ble_events.c:566:13:aci_gap_slave_security_initiated_event	4	static
ble_events.c:571:13:aci_gap_slave_security_initiated_event_process	16	static
ble_events.c:577:13:aci_gap_bond_lost_event	4	static
ble_events.c:582:13:aci_gap_bond_lost_event_process	16	static
ble_events.c:588:13:aci_gap_proc_complete_event	16	static
ble_events.c:596:13:aci_gap_proc_complete_event_process	24	static
ble_events.c:606:13:aci_gap_addr_not_resolved_event	16	static
ble_events.c:611:13:aci_gap_addr_not_resolved_event_process	24	static
ble_events.c:618:13:aci_gap_numeric_comparison_value_event	16	static
ble_events.c:624:13:aci_gap_numeric_comparison_value_event_process	24	static
ble_events.c:632:13:aci_gap_keypress_notification_event	16	static
ble_events.c:638:13:aci_gap_keypress_notification_event_process	24	static
ble_events.c:646:13:aci_l2cap_connection_update_resp_event	16	static
ble_events.c:652:13:aci_l2cap_connection_update_resp_event_process	24	static
ble_events.c:660:13:aci_l2cap_proc_timeout_event	16	static
ble_events.c:667:13:aci_l2cap_proc_timeout_event_process	24	static
ble_events.c:676:13:aci_l2cap_connection_update_req_event	16	static
ble_events.c:687:13:aci_l2cap_connection_update_req_event_process	56	static
ble_events.c:700:13:aci_l2cap_command_reject_event	16	static
ble_events.c:709:13:aci_l2cap_command_reject_event_process	40	static
ble_events.c:720:13:aci_gatt_attribute_modified_event	16	static
ble_events.c:729:13:aci_gatt_attribute_modified_event_process	40	static
ble_events.c:740:13:aci_gatt_proc_timeout_event	16	static
ble_events.c:745:13:aci_gatt_proc_timeout_event_process	24	static
ble_events.c:752:13:aci_att_exchange_mtu_resp_event	16	static
ble_events.c:758:13:aci_att_exchange_mtu_resp_event_process	24	static
ble_events.c:766:13:aci_att_find_info_resp_event	16	static
ble_events.c:774:13:aci_att_find_info_resp_event_process	24	static
ble_events.c:784:13:aci_att_find_by_type_value_resp_event	16	static
ble_events.c:791:13:aci_att_find_by_type_value_resp_event_process	24	static
ble_events.c:800:13:aci_att_read_by_type_resp_event	16	static
ble_events.c:808:13:aci_att_read_by_type_resp_event_process	24	static
ble_events.c:818:13:aci_att_read_resp_event	16	static
ble_events.c:825:13:aci_att_read_resp_event_process	24	static
ble_events.c:834:13:aci_att_read_blob_resp_event	16	static
ble_events.c:841:13:aci_att_read_blob_resp_event_process	24	static
ble_events.c:850:13:aci_att_read_multiple_resp_event	16	static
ble_events.c:857:13:aci_att_read_multiple_resp_event_process	24	static
ble_events.c:866:13:aci_att_read_by_group_type_resp_event	16	static
ble_events.c:874:13:aci_att_read_by_group_type_resp_event_process	24	static
ble_events.c:884:13:aci_att_prepare_write_resp_event	16	static
ble_events.c:893:13:aci_att_prepare_write_resp_event_process	40	static
ble_events.c:904:13:aci_att_exec_write_resp_event	16	static
ble_events.c:909:13:aci_att_exec_write_resp_event_process	24	static
ble_events.c:916:13:aci_gatt_indication_event	24	static
ble_events.c:924:13:aci_gatt_indication_event_process	24	static
ble_events.c:934:13:aci_gatt_notification_event	24	static
ble_events.c:942:13:aci_gatt_notification_event_process	24	static
ble_events.c:952:13:aci_gatt_proc_complete_event	16	static
ble_events.c:958:13:aci_gatt_proc_complete_event_process	24	static
ble_events.c:966:13:aci_gatt_error_resp_event	16	static
ble_events.c:974:13:aci_gatt_error_resp_event_process	24	static
ble_events.c:984:13:aci_gatt_disc_read_char_by_uuid_resp_event	24	static
ble_events.c:992:13:aci_gatt_disc_read_char_by_uuid_resp_event_process	24	static
ble_events.c:1002:13:aci_gatt_write_permit_req_event	24	static
ble_events.c:1010:13:aci_gatt_write_permit_req_event_process	24	static
ble_events.c:1020:13:aci_gatt_read_permit_req_event	16	static
ble_events.c:1027:13:aci_gatt_read_permit_req_event_process	24	static
ble_events.c:1036:13:aci_gatt_read_multi_permit_req_event	16	static
ble_events.c:1043:13:aci_gatt_read_multi_permit_req_event_process	24	static
ble_events.c:1052:13:aci_gatt_tx_pool_available_event	16	static
ble_events.c:1058:13:aci_gatt_tx_pool_available_event_process	24	static
ble_events.c:1066:13:aci_gatt_server_confirmation_event	16	static
ble_events.c:1071:13:aci_gatt_server_confirmation_event_process	24	static
ble_events.c:1078:13:aci_gatt_prepare_write_permit_req_event	16	static
ble_events.c:1087:13:aci_gatt_prepare_write_permit_req_event_process	40	static
ble_events.c:1098:13:aci_gatt_read_ext_event	24	static
ble_events.c:1106:13:aci_gatt_read_ext_event_process	24	static
ble_events.c:1116:13:aci_gatt_indication_ext_event	16	static
ble_events.c:1125:13:aci_gatt_indication_ext_event_process	40	static
ble_events.c:1136:13:aci_gatt_notification_ext_event	16	static
ble_events.c:1145:13:aci_gatt_notification_ext_event_process	40	static
